{
  "activeProgramId": "e9dc9cec-b607-4c30-be93-399d49fafa00",
  "activeSessionId": null,
  "cardioSets": 36,
  "completedCardioSets": 31,
  "completedWeightedSets": 7212,
  "exerciseDescriptors": 111,
  "exercisesWithNotes": 15,
  "firstDate": "2023-07-05",
  "freeformSessions": 8,
  "lastDate": "2026-10-06",
  "movementKeys": 134,
  "programs": 7,
  "progressionKeys": 201,
  "recordedExercises": 2562,
  "repsCompleted": 74016,
  "sessions": 469,
  "sessionsWithBodyweight": 420,
  "startedSessions": 468,
  "weightedSets": 7644,
}