[
  "0015e49f Bench Press 95kg",
  "0015e49f Cable Rows 82.6kg",
  "0015e49f Preacher Curls 43.333kg",
  "0015e49f Shoulder Press 57kg",
  "00181442 Slow-Eccentric Bayesian Curl 35kg",
  "00181442 Slow-Eccentric EZ-Bar Skull Crusher 38.5kg",
  "00181442 Triceps Diverging Pressdown 60kg",
  "001bc4ed Cable Crunch 78.4kg",
  "01e74bb7 Decline Machine Chest Press 45.5kg",
  "01e74bb7 Lat Pulldown 94.983kg",
  "01e74bb7 Machine Hip Abduction 111.3kg",
  "01e74bb7 Machine Hip Adduction 111.3kg",
  "01e74bb7 Medicine Ball Russian Twists 20kg",
  "026aecf5 Forearm Curl 37.5kg",
  "02d6503c Calf Raises 75kg",
  "02d6503c Leg Press 119kg",
  "02d6503c Romanian Deadlifts 73.333kg",
  "02d6503c Squats 76kg",
  "02e390f4 Barbell Rows 73.333kg",
  "02e390f4 Pull-ups -31.667kg",
  "032d082f Pec Deck (w/ Integrated Partials) 99.4kg",
  "032d082f Super-ROM Overhand Cable Row 97.3kg",
  "03626a3c Pinch Press 32kg",
  "0417c86a Leg Press 164.5kg",
  "0417c86a Quad Raises 31.55kg",
  "0417c86a Squats 139.333kg",
  "06138667 Cable Crunch 99.4kg",
  "06ef3c15 Leg Press 192.5kg",
  "06ef3c15 Quad Raises 37.901kg",
  "088933b6 Cross Body Lat Pull-Around  84kg",
  "093ac55b Lat-Focused Cable Row 107.8kg",
  "093ac55b Reverse Pec Deck (w/ Integrated Partials) 75kg",
  "098ab7b6 Machine Lateral Raise 57.4kg",
  "0a931d85 Cable Paused Shrug-In 84kg",
  "0aeae66e Cable Crunch 81.9kg",
  "0b6731ed Pinch Press 29.333kg",
  "0b929f73 Cable Paused Shrug-In 94.5kg",
  "0b929f73 Leg Extension 112.7kg",
  "0ca4df9c Incline Smith Machine Press 86.667kg",
  "0cb4c387 Cable Rows 72.8kg",
  "0cb4c387 Preacher Curls 42kg",
  "0cb4c387 Shoulder Press 53.833kg",
  "0e292199 Chest-Supported Machine Row 91kg",
  "0e292199 Hammer Preacher Curl 17.5kg",
  "0e292199 Paused Barbell RDL 88.667kg",
  "103342a5 Leg Extension 128.8kg",
  "110a9136 Dumbbell Single Arm Row 36.287kg",
  "110a9136 Smith Machine Front Squat 66.5kg",
  "1201ff7c Chest-Supported Machine Row 100kg",
  "1201ff7c Paused Barbell RDL 107.667kg",
  "126fe575 Leg Extension 67.367kg",
  "13953e22 Cable Paused Shrug-In 70kg",
  "13953e22 Leg Extension 96.6kg",
  "144e2775 Cable Y Raise 7kg",
  "14c3fb72 Cross Body Lat Pull-Around  45kg",
  "14c3fb72 Leg Press 278.667kg",
  "14c3fb72 Low Incline Smith Machine Press 83.333kg",
  "14c3fb72 Lying Paused Rope Face Pull 66kg",
  "14c3fb72 Machine Hip Adduction 67.2kg",
  "15ac1cb0 Cable Face Pull (Rope) 30kg",
  "15ac1cb0 Dumbbell Incline Curl 15.876kg",
  "1690a037 Forearm Curl 45kg",
  "17404daf Machine Flys 58.667kg",
  "180466f5 Cable Straight Bar Curl 77kg",
  "180466f5 Cross Body Cable Y Raise 26.667kg",
  "180466f5 Seated Cable Rows 135kg",
  "180466f5 Smith Machine Close Grip Bench Press 70kg",
  "18623153 Cable Straight Bar Curl 84kg",
  "18623153 Pullups 104.88kg",
  "190dfcf5 Cable Paused Shrug-In 98kg",
  "190dfcf5 Leg Extension 125.3kg",
  "19c5e851 Dumbbell Rows 36.667kg",
  "1cee3916 Leg Press Calf Press 180kg",
  "1cee3916 Machine Squat 90.667kg",
  "1cee3916 Neutral-Grip Lat Pulldown 100.5kg",
  "1db3f51b Lat-Focused Cable Row 114.8kg",
  "1e2023f3 Cable Rows 92.4kg",
  "1e2023f3 Pec Fly 102.2kg",
  "1e2023f3 Preacher Curls 46.667kg",
  "1ec4daad Calf Raises 101.25kg",
  "1ec4daad Deadlifts 116.667kg",
  "229fdc3d Bayesian Cable Curl 38.5kg",
  "229fdc3d Cable Triceps Kickback 28kg",
  "2438c4e9 Leg Press 213.5kg",
  "25dd27b4 Chest-Supported Machine Row 98kg",
  "25dd27b4 Paused Barbell RDL 91.833kg",
  "25dd27b4 Seated DB Shoulder Press 57kg",
  "263b6645 Cable Straight Bar Curl 63kg",
  "263b6645 Dumbbell Flat Bench Press 33.263kg",
  "263b6645 Dumbbell Single Arm Row 39.311kg",
  "263b6645 Smith Machine Front Squat 69.667kg",
  "2693c737 Lying Leg Curl 86.667kg",
  "26a9143a Deadlifts 99.167kg",
  "26a9143a Squats 120.333kg",
  "2812227f Cable Flys 23.1kg",
  "2812227f Shoulder Press 47.5kg",
  "28231c2a Lat Pulldown 80kg",
  "2b36f7e1 Preacher Curls 53.333kg",
  "2c97c2a4 Dumbbell Rows 40kg",
  "2d546a75 Chest-Supported T-Bar Row + Kelso Shrug 53.333kg",
  "2d546a75 Concentration Cable Curl 28.667kg",
  "2d546a75 Cross Body Cable Y Raise 14kg",
  "2d546a75 Slow-Eccentric DB RDL 53.333kg",
  "2d546a75 Standing Calf Raise 172.5kg",
  "2dbf7865 Dumbbell Rows 33.333kg",
  "2dbf7865 Overhead Press 50kg",
  "2e7e02ea Deadlifts 128.333kg",
  "2e7e02ea Squats 145.667kg",
  "2ebf6083 Machine Lateral Raise 51.8kg",
  "2f843617 Lat Pulldown 106kg",
  "2f97ab05 Tricep Dips 117.6kg",
  "308fd697 Bench Press 101.333kg",
  "308fd697 Cable Flys 37.901kg",
  "308fd697 Lateral Raise 11.4kg",
  "30ca36ae Overhead Cable Triceps Extension (Bar) 53.333kg",
  "30ca36ae Paused Barbell RDL 101.333kg",
  "30ca36ae Seated DB Shoulder Press 60kg",
  "31cc9ca0 Paused Barbell RDL 98.167kg",
  "31d04e0f Cable Flys 15.4kg",
  "31d04e0f Shoulder Press 44.333kg",
  "3306f736 Bayesian Cable Curl 34.167kg",
  "3306f736 Bottom-2/3 Constant Tension Preacher Curl 42kg",
  "33541d1e Standing Calf Raise 131.25kg",
  "33541d1e Triceps Pressdown (Bar) 50.667kg",
  "337209c7 Lateral Raises 16kg",
  "339749c3 Neutral-Grip Lat Pulldown 104.25kg",
  "356e1eda Bicep Curls 23.333kg",
  "36aa4877 Bench Press 105kg",
  "36aa4877 Cable Chest Fly (Low to High) 42kg",
  "395b0272 Smith machine calf raises 123.75kg",
  "3ac1a75b Leg Press 178.5kg",
  "3b30eb16 Deadlifts 134.167kg",
  "3bcefb87 Calf Raises 112.5kg",
  "3bcefb87 Deadlifts 122.5kg",
  "3bcefb87 Shoulder Press 50kg",
  "3ca954e2 Bent Over Row 82.333kg",
  "3ca954e2 Cable Tricep Pushdown (Rope) 70kg",
  "3ca954e2 Dumbbell Hammer Curl 22.226kg",
  "3ca954e2 Dumbbell Shoulder Press 24.796kg",
  "3dfe0d14 Pec Deck (w/ Integrated Partials) 95.9kg",
  "3f6a263b Machine Flys 24.5kg",
  "4016b03b Pendulum Squat 41.167kg",
  "40fd685c Barbell Rows 66.667kg",
  "40fd685c Pull-ups -36.1kg",
  "40fd685c Tricep Dips -38kg",
  "413e2805 Cable Flys 34.726kg",
  "413e2805 Cable Rows 77.7kg",
  "413e2805 Shoulder Press 55.5kg",
  "418564e2 Standing Calf Raise 142.5kg",
  "43df900b Leg Press 147kg",
  "43df900b Romanian Deadlifts 100kg",
  "43df900b Squats 114kg",
  "44a41336 Cross Body Lat Pull-Around  73.5kg",
  "457d03a2 Rear Delt 45° Cable Flye 15kg",
  "457d03a2 Seated Leg Curl 56.667kg",
  "457d03a2 Smith Machine Reverse Lunge 75.167kg",
  "457d03a2 Standing Calf Raise 157.5kg",
  "457d03a2 Super-ROM Overhand Cable Row 81.7kg",
  "45add745 Bottom-2/3 Constant Tension Preacher Curl 45kg",
  "45add745 Triceps Pressdown (Bar) 91.833kg",
  "46ba217e Lat Pulldown 93.8kg",
  "46ba217e Machine Hip Adduction 107.8kg",
  "476cd4f3 Cable Crunch 105kg",
  "476cd4f3 Lat-Focused Cable Row 96.033kg",
  "476cd4f3 Lying Leg Curl 74kg",
  "476cd4f3 Reverse Pec Deck (w/ Integrated Partials) 63.75kg",
  "476cd4f3 Smith Machine Squat 113.333kg",
  "47af7e99 Cable Crunch 88.9kg",
  "48ed16bc Bent-Over Cable Pec Fly 42kg",
  "48ed16bc Leg Press Calf Press 176kg",
  "48ed16bc Neutral-Grip Lat Pulldown 90kg",
  "4b67a39b Calf Raises 67.5kg",
  "4b67a39b Squats 69.667kg",
  "4bbeb342 Leg Extension 121.8kg",
  "4c92d807 Smith machine calf raises 120kg",
  "4ce8f8c2 Cross Body Cable Y Raise 15.4kg",
  "4e73db1a Cable Chest Fly (Low to High) 41kg",
  "4e73db1a Smith Machine Close Grip Bench Press 80kg",
  "4ea97203 Chest-Supported Machine Row 106.667kg",
  "4ea97203 Cross Body Cable Y Raise 16.8kg",
  "4ea97203 Hammer Preacher Curl 21kg",
  "4ea97203 Paused Barbell RDL 114kg",
  "4ecf8416 Pull-ups 106.4kg",
  "4fbf3fdc Cable Rows 87.5kg",
  "4fbf3fdc Tricep Rope Pushdowns 44.901kg",
  "507c85d1 Leg Press 220.5kg",
  "51fb3132 Deadlifts 105kg",
  "51fb3132 Pull-ups 0kg",
  "51fb3132 Tricep Dips 0kg",
  "52225b7c Cable Paused Shrug-In 77kg",
  "52225b7c Leg Extension 102.9kg",
  "5236b44d Deadlifts 145.833kg",
  "5236b44d Squats 158.333kg",
  "525089ef Cross Body Lat Pull-Around  60kg",
  "525089ef Leg Press 288.167kg",
  "525089ef Low Incline Smith Machine Press 90kg",
  "525089ef Machine Hip Adduction 80.5kg",
  "52df061d Cable Crunch 44.8kg",
  "5481f78b Bottom-2/3 Constant Tension Preacher Curl 43kg",
  "5481f78b Standing Calf Raise 187.5kg",
  "54cde3b5 Pinch Press 30.667kg",
  "56d2fb34 Cable Face Pull (Rope) 60kg",
  "56d2fb34 Lat Pullover 60kg",
  "5777fc1a Tricep Dips 112kg",
  "57c3fa89 Machine Lateral Raise 63kg",
  "5844ca17 Leg Press 272.333kg",
  "5870a6e9 Triceps Pressdown (Bar) 105kg",
  "589813ca Barbell Rows 86.667kg",
  "589813ca Bicep Curls 17.5kg",
  "589813ca Tricep Dips -26.667kg",
  "5a123cd2 Machine Lateral Raise 44.8kg",
  "5aa9bfd4 Pec Deck (w/ Integrated Partials) 102.9kg",
  "5aa9bfd4 Super-ROM Overhand Cable Row 100.8kg",
  "5abd0ab0 Cable Reverse Flye (Mechanical Dropset) 13.667kg",
  "5abd0ab0 Lying Leg Curl 90kg",
  "5afa86d8 Bayesian Cable Curl 28kg",
  "5afa86d8 Bottom-2/3 Constant Tension Preacher Curl 37.5kg",
  "5afa86d8 Standing Calf Raise 127.5kg",
  "5afa86d8 Triceps Pressdown (Bar) 47.5kg",
  "5cad5aec Calf Raises 86.25kg",
  "5cad5aec Front Squats 82.333kg",
  "5cad5aec Romanian Deadlifts 107.667kg",
  "5cbc681e Triceps Pressdown (Bar) 85.5kg",
  "5ddf8f1c Lat-Focused Cable Row 111.3kg",
  "5ddf8f1c Lying Leg Curl 93.333kg",
  "5ddf8f1c Reverse Pec Deck (w/ Integrated Partials) 78.75kg",
  "5f5503c6 Chest-Supported Machine Row 110kg",
  "5f5503c6 Overhead Cable Triceps Extension (Bar) 70kg",
  "5f5503c6 Paused Barbell RDL 117.167kg",
  "5f5503c6 Seated DB Shoulder Press 63.333kg",
  "5f8eeb07 Cable Flys 19.6kg",
  "62dbf0f4 Reverse Flyes 67.55kg",
  "64427b5b Decline Machine Chest Press 49kg",
  "64427b5b Lat Pulldown 102.667kg",
  "64427b5b Leg Extension 90.2kg",
  "64427b5b Machine Hip Abduction 114.8kg",
  "64427b5b Medicine Ball Russian Twists 25kg",
  "64427b5b Super-ROM DB Lateral Raise 11.25kg",
  "6454a61c Pec Deck (w/ Integrated Partials) 94.6kg",
  "6454a61c Rear Delt 45° Cable Flye 22.5kg",
  "6454a61c Seated Leg Curl 66.667kg",
  "6454a61c Smith Machine Reverse Lunge 83.333kg",
  "6454a61c Standing Calf Raise 176.25kg",
  "6454a61c Super-ROM Overhand Cable Row 93.8kg",
  "6463eab6 Leg Press 243.667kg",
  "64a1bd89 Chest-Supported T-Bar Row + Kelso Shrug 46.667kg",
  "64a1bd89 Single-arm Overhead Cable Triceps Extension 23.333kg",
  "64a1bd89 Slow-Eccentric DB RDL 46.667kg",
  "654f9729 Chest-Supported Machine Row 82kg",
  "654f9729 Hammer Preacher Curl 14.667kg",
  "6573ec14 Triceps Pressdown (Bar) 69.667kg",
  "65cc0d51 Cable Crunch 112kg",
  "65cc0d51 Lat-Focused Cable Row 97.3kg",
  "65cc0d51 Low Incline DB Press 75.167kg",
  "65cc0d51 Lying Leg Curl 77.333kg",
  "65cc0d51 Reverse Pec Deck (w/ Integrated Partials) 67.5kg",
  "65cc0d51 Smith Machine Squat 119kg",
  "664ab002 Leg Press 206.5kg",
  "66da0740 Cable Paused Shrug-In 63kg",
  "66da0740 Leg Extension 86.1kg",
  "66da0740 Lying Leg Curl 68.6kg",
  "67ba8775 Bench Press 103.333kg",
  "686b0230 Dumbbell Lunges 20kg",
  "686b0230 Incline Dumbbell Curl 20kg",
  "686b0230 Overhead Tricep Extension 26.667kg",
  "686b0230 Reverse Flyes 42.667kg",
  "68c2e78e Bent Over Row 69.667kg",
  "68c2e78e Cable Tricep Pushdown (Rope) 56kg",
  "69208ad1 Machine Squat 85kg",
  "69208ad1 Neutral-Grip Lat Pulldown 93.75kg",
  "6a193826 DB Lateral Raise 9kg",
  "6ae28ead Cable Paused Shrug-In 44kg",
  "6ae28ead Leg Extension 75.6kg",
  "6ae28ead Lying Leg Curl 58.1kg",
  "6b0d762e Leg Extension 118.3kg",
  "6b67b458 Dumbbell Incline Bench Press 34.473kg",
  "6b67b458 Smith machine calf raises 101.5kg",
  "6ba99390 Forearm Curl 30kg",
  "6dc7336b Leg Press 185.5kg",
  "6dc7336b Quad Raises 34.726kg",
  "6dc7336b Squats 152kg",
  "6ea971d0 Hammer Curl 23.333kg",
  "6ea971d0 Slow-Eccentric EZ-Bar Skull Crusher 42kg",
  "6ea971d0 Triceps Diverging Pressdown 61.333kg",
  "6fd392c3 Cable Crunch 35.7kg",
  "6ffb5c26 Cross Body Cable Y Raise 21kg",
  "705022c0 Cable Rows 97.3kg",
  "7190907b Dumbbell Bench Press 84kg",
  "7190907b Pull-ups 105.133kg",
  "71acf29e Chest-Supported Machine Row 113.333kg",
  "71acf29e Overhead Cable Triceps Extension (Bar) 71.5kg",
  "71acf29e Paused Barbell RDL 120.333kg",
  "72a56b03 Seated Cable Rows 112kg",
  "72a56b03 Smith Machine Close Grip Bench Press 63kg",
  "74dc2891 Bayesian Cable Curl 35kg",
  "74dc2891 Triceps Pressdown (Bar) 88.667kg",
  "75718b1b Machine Lateral Raise 70kg",
  "75afc980 Overhead Cable Triceps Extension (Bar) 46.667kg",
  "75afc980 Paused Barbell RDL 95kg",
  "75f11f59 Leg Press 140kg",
  "75f11f59 Romanian Deadlifts 93.333kg",
  "75f11f59 Squats 101.333kg",
  "76cef4bc Bent Over Row 95kg",
  "76cef4bc Dumbbell Hammer Curl 25.401kg",
  "76cef4bc Dumbbell Shoulder Press 30.24kg",
  "772b5d29 Cable Face Pull (Rope) 97.5kg",
  "772b5d29 Triceps Pressdown (Bar) 98kg",
  "776ae23a Hack Squat 73.667kg",
  "776ae23a Leg Press Calf Press 142.5kg",
  "776ae23a Neutral-Grip Lat Pulldown 80.5kg",
  "776b3cb0 Cable Face Pull (Rope) 90kg",
  "776b3cb0 Wedge Squat 146.03kg",
  "783e0849 Cable Rows 116kg",
  "7f9c570e Cable Reverse Flye (Mechanical Dropset) 7.2kg",
  "7f9c570e Hack Squat 77kg",
  "7f9c570e Neutral-Grip Lat Pulldown 86.25kg",
  "7ff59f75 Paused Barbell RDL 126.667kg",
  "807e98b7 Cable Straight Bar Curl 70kg",
  "807e98b7 Cross Body Cable Y Raise 23.333kg",
  "807e98b7 Dumbbell Flat Bench Press 36.287kg",
  "807e98b7 Seated Cable Rows 127.5kg",
  "807e98b7 Smith Machine Close Grip Bench Press 66.5kg",
  "80c534bb Smith Machine Close Grip Bench Press 59.5kg",
  "8190d170 Shoulder Press 40kg",
  "8190d170 Tricep Dips -43.333kg",
  "819fd402 Lat Pulldown 82kg",
  "82779336 Assisted Pull Up 47.333kg",
  "82779336 Cable Paused Shrug-In 31.5kg",
  "82779336 Leg Extension 69.3kg",
  "82779336 Paused Assisted Dip 47.333kg",
  "82779336 Seated Leg Curl 51.8kg",
  "82eac621 Lat Pulldown 68.4kg",
  "830a1938 Deadlifts 140kg",
  "84174c4c Cable Rows 67.9kg",
  "8485ad5f Chest-Supported Machine Row 99.083kg",
  "8485ad5f Overhead Cable Triceps Extension (Bar) 66.667kg",
  "8485ad5f Paused Barbell RDL 104.5kg",
  "84bcf062 Hack Squat 82.167kg",
  "87709998 Dumbbell Bench Press 77kg",
  "87709998 Preacher Curls 56.667kg",
  "87d2da42 Barbell Rows 80kg",
  "87d2da42 Bench Press 76kg",
  "87d2da42 Pull-ups -29.167kg",
  "8854ad5e Bent Over Row 88.667kg",
  "8854ad5e Dumbbell Shoulder Press 27.216kg",
  "8a1e82b2 Cable Face Pull (Rope) 82.5kg",
  "8a1e82b2 Dumbbell Incline Curl 19.051kg",
  "8a1e82b2 Overhead Press 53.833kg",
  "8a1e82b2 Wedge Squat 141.667kg",
  "8e9e1b70 Pec Deck (w/ Integrated Partials) 92.4kg",
  "8e9e1b70 Rear Delt 45° Cable Flye 15.667kg",
  "8e9e1b70 Seated Leg Curl 60kg",
  "8e9e1b70 Smith Machine Reverse Lunge 76kg",
  "8e9e1b70 Standing Calf Raise 165kg",
  "8e9e1b70 Super-ROM Overhand Cable Row 85.283kg",
  "8ebb5793 Incline Dumbbell Bench Press 63.333kg",
  "9159921b Low Incline Smith Machine Press 106.667kg",
  "916da3ec Cross Body Lat Pull-Around  94.5kg",
  "926c55c5 Bent-Over Cable Pec Fly 43.333kg",
  "926c55c5 Lying Leg Curl 84kg",
  "92e227d8 Cable Curls 64.667kg",
  "93904472 Cross Body Lat Pull-Around  66.5kg",
  "93904472 Leg Press 297.667kg",
  "93904472 Low Incline Smith Machine Press 96.667kg",
  "93904472 Lying Paused Rope Face Pull 70kg",
  "93904472 Machine Hip Adduction 87.5kg",
  "9390bfb9 Bent-Over Cable Pec Fly 39.417kg",
  "9390bfb9 Hack Squat 68kg",
  "9390bfb9 Lying Leg Curl 49.333kg",
  "9390bfb9 Neutral-Grip Lat Pulldown 75kg",
  "94950ab7 Dumbbell Rows 26.667kg",
  "949c7916 Leg Curl 60kg",
  "949c7916 Pinch Press 33.333kg",
  "961b8c2d Lat Pulldown 70kg",
  "961b8c2d Machine Shoulder Press 80kg",
  "96848d96 Chest-Supported T-Bar Row + Kelso Shrug 50kg",
  "96848d96 Single-arm Overhead Cable Triceps Extension 26.667kg",
  "96848d96 Slow-Eccentric DB RDL 50kg",
  "96848d96 Standing Calf Raise 161.25kg",
  "9817719a Leg Press 199.5kg",
  "9817719a Quad Raises 41.076kg",
  "98a06fd7 Machine Flys 38.5kg",
  "98e32c9f Cable Reverse Flye (Mechanical Dropset) 12.667kg",
  "9925ea56 Cross Body Lat Pull-Around  68.083kg",
  "9a1ca841 Cable Crunch 60.2kg",
  "9a1ca841 Low Row 98kg",
  "9a82461f Smith machine calf raises 112kg",
  "9b915641 Leg Extension 105.7kg",
  "9c46472e Chest-Supported Machine Row 78.833kg",
  "9c46472e Hammer Preacher Curl 14kg",
  "9c46472e Overhead Cable Triceps Extension (Bar) 46.583kg",
  "9c46472e Paused Barbell RDL 79.167kg",
  "9c46472e Seated DB Shoulder Press 53.333kg",
  "9d037345 Leg Curl 66.667kg",
  "9d037345 Skullcrushers 43.333kg",
  "9e117a07 Cable Curls 58kg",
  "9ed2cb11 Shoulder Press 61.667kg",
  "9f612497 Cable Chest Fly (Low to High) 35kg",
  "9f612497 Dumbbell Incline Bench Press 32.432kg",
  "9f612497 Smith machine calf raises 98kg",
  "9fa176f5 Cable Curls 61.333kg",
  "a16de87c Machine Lateral Raise 45.867kg",
  "a1728b02 Lat Pulldown 73.333kg",
  "a2277ae5 Dumbbell Bench Press 70kg",
  "a28db04f Cross Body Lat Pull-Around  91kg",
  "a28db04f Leg Press 320kg",
  "a31d8983 Forearm Curl 33.75kg",
  "a3e01d41 Dumbbell Rows 43.333kg",
  "a4c03911 Lying Paused Rope Face Pull 80.5kg",
  "a55750b9 Cable Face Pull (Rope) 37.5kg",
  "a55750b9 Independent Arm Lat Pulldown 46.667kg",
  "aa4ed119 Machine Flys 31.5kg",
  "ac7229ed Calf Raises 82.5kg",
  "ac7229ed Leg Press 133kg",
  "ac7229ed Romanian Deadlifts 86.667kg",
  "ac7229ed Squats 88.667kg",
  "ad439ada Dumbbell Incline Bench Press 37.346kg",
  "ad439ada Smith machine calf raises 105kg",
  "ae74062f Cable Crunch 102.9kg",
  "b0c3e826 Shoulder Press 60kg",
  "b1dc1571 Dumbbell Incline Bench Press 28.728kg",
  "b1dc1571 Smith machine calf raises 77kg",
  "b20dc3b2 Bench Press 98.667kg",
  "b2d962d2 Dumbbell Bench Press 63kg",
  "b2d962d2 Preacher Curls 50kg",
  "b2dc4a59 Standing Calf Raise 146.25kg",
  "b4ea957a Tricep Dips 110.667kg",
  "b5d733ec Bent Over Row 66.5kg",
  "b5d733ec Cable Tricep Pushdown (Rope) 49kg",
  "b6861024 Machine Flys 28kg",
  "b6c1747a Cross Body Lat Pull-Around  101.5kg",
  "b8199108 Bayesian Cable Curl 31.5kg",
  "b8199108 Bottom-2/3 Constant Tension Preacher Curl 41.25kg",
  "b8199108 Standing Calf Raise 135kg",
  "b8199108 Triceps Pressdown (Bar) 53.833kg",
  "b82a7f75 Chest-Supported T-Bar Row + Kelso Shrug 56.667kg",
  "ba224337 Seated Leg Curl 70kg",
  "bd9263b5 Machine Lateral Raise 66.5kg",
  "bde5d5ab Cross body cable Y raise 22.5kg",
  "bde5d5ab Smith machine calf raises 91kg",
  "becc9c9c Cable Triceps Kickback 26.25kg",
  "becc9c9c Triceps Pressdown (Bar) 95kg",
  "bf8f07fe Bent Over Row 91.833kg",
  "bf8f07fe Cable Tricep Pushdown (Rope) 77kg",
  "bfbf7fc2 Deadlifts 93.333kg",
  "bfbf7fc2 Shoulder Press 43.333kg",
  "bfbf7fc2 Squats 107.667kg",
  "bfbf7fc2 Tricep Dips -18kg",
  "bfd3922c Bicep Curls 21.333kg",
  "c0886853 Cable Crunch 95.9kg",
  "c0886853 Incline Dumbbell Bench Press 76kg",
  "c279bb3b Cable Triceps Kickback 22.5kg",
  "c279bb3b Standing Calf Raise 191.25kg",
  "c2b70373 Leg Extension 93.1kg",
  "c31fd406 Hammer Curl 20kg",
  "c32931d6 Paused Assisted Dip 80.933kg",
  "c3654417 Reverse Flyes 62.667kg",
  "c3e2a230 Calf Raises 78.75kg",
  "c3e2a230 Leg Press 126kg",
  "c3e2a230 Romanian Deadlifts 80kg",
  "c3e2a230 Squats 82.333kg",
  "c3e7c7c0 Cable Face Pull (Rope) 67.5kg",
  "c3e7c7c0 Lat Pullover 73.333kg",
  "c4401b19 Machine Lateral Raise 60.9kg",
  "c535ff66 Cable Paused Shrug-In 91kg",
  "c588cf01 Lying Paused Rope Face Pull 77kg",
  "c66788e6 Tricep Dips -15.417kg",
  "c8b599a1 Cross Body Lat Pull-Around  80.5kg",
  "c8b599a1 Lying Paused Rope Face Pull 84kg",
  "ca356faa Barbell Rows 60kg",
  "ca356faa Bench Press 69.667kg",
  "ca356faa Pull-ups -38kg",
  "ca356faa Tricep Dips -40kg",
  "ca63a6c9 Lying Leg Curl 70.667kg",
  "cbef69c4 Cable Face Pull (Rope) 75kg",
  "cbef69c4 Dumbbell Incline Curl 17.237kg",
  "cbef69c4 Lat Pullover 80kg",
  "cbef69c4 Wedge Squat 139.833kg",
  "cc2c3d94 Calf Raises 116.25kg",
  "cc2c3d94 Leg Press 157.5kg",
  "cc2c3d94 Quad Raises 28.375kg",
  "cc2c3d94 Romanian Deadlifts 126.667kg",
  "cc2c3d94 Squats 133kg",
  "ccea952a Calf Raises 105kg",
  "ccea952a Leg Press 150.5kg",
  "ccea952a Quad Raises 26.6kg",
  "cf622d6b Dumbbell Lunges 16.667kg",
  "cf622d6b Incline Dumbbell Curl 16.667kg",
  "cf622d6b Overhead Tricep Extension 20kg",
  "cf622d6b Reverse Flyes 35kg",
  "cf7f1c20 Cross Body Lat Pull-Around  95.333kg",
  "cf875152 Cable Crunch 85.4kg",
  "cf875152 Low Row 105kg",
  "cf875152 Overhead Press 53.333kg",
  "cfa5ba23 Bent Over Row 76kg",
  "cfa5ba23 Dumbbell Hammer Curl 21.168kg",
  "d0f7ffb0 Dumbbell Lunges 26.667kg",
  "d0f7ffb0 Incline Dumbbell Curl 23.333kg",
  "d0f7ffb0 Overhead Tricep Extension 40kg",
  "d0f7ffb0 Reverse Flyes 61.667kg",
  "d2ac41b8 Leg Press 171.5kg",
  "d38b3ed4 Cross Body Lat Pull-Around  70kg",
  "d38b3ed4 Low Incline Smith Machine Press 100kg",
  "d4a3b470 Smith machine calf raises 84kg",
  "d5899c48 Dumbbell Rows 30kg",
  "d5899c48 Overhead Press 46.667kg",
  "d6dbadc4 Dumbbell Lunges 23.333kg",
  "d6dbadc4 Overhead Tricep Extension 33.333kg",
  "d6dbadc4 Reverse Flyes 60kg",
  "d6dbadc4 Shoulder Press 66.667kg",
  "d73bd269 Cross Body Lat Pull-Around  52.5kg",
  "d73bd269 Leg Press 285kg",
  "d73bd269 Low Incline Smith Machine Press 86.667kg",
  "d73bd269 Machine Hip Adduction 78.833kg",
  "d76d6fc2 Calf Raises 93.75kg",
  "d76d6fc2 Deadlifts 110.833kg",
  "d8a93cd9 Dumbbell Incline Bench Press 31.6kg",
  "d8a93cd9 Smith machine calf raises 87.5kg",
  "da4f4ea9 Dumbbell Rows 23.333kg",
  "da4f4ea9 Overhead Press 43.333kg",
  "dcec0262 Cable Chest Fly (Low to High) 28kg",
  "dcec0262 Dumbbell Incline Bench Press 25.855kg",
  "dcec0262 Smith machine calf raises 73.5kg",
  "dd349d19 Lat Pulldown 76.667kg",
  "de166f0c Calf Raises 97.5kg",
  "de166f0c Quad Raises 23.1kg",
  "de166f0c Romanian Deadlifts 120.333kg",
  "de54465d Bent Over Row 72.833kg",
  "de54465d Cable Tricep Pushdown (Rope) 63kg",
  "de90ac5d Chest-Supported Machine Row 103.333kg",
  "de90ac5d Hammer Preacher Curl 20.5kg",
  "de90ac5d Paused Barbell RDL 110.833kg",
  "dfe51aea Leg Curl 36kg",
  "dfe51aea Skullcrushers 40kg",
  "e1d12817 Cable Paused Shrug-In 52.5kg",
  "e1d12817 Leg Extension 79.1kg",
  "e1d12817 Lying Leg Curl 63.067kg",
  "e1ee38c6 Pendulum Squat 44.333kg",
  "e22974da Cable Face Pull (Rope) 45kg",
  "e294ec9a Machine Flys 35kg",
  "e294ec9a Machine Shoulder Press 73.333kg",
  "e29c0776 Barbell Rows 93.333kg",
  "e375201d Cross Body Lat Pull-Around  87.5kg",
  "e438997a Dumbbell Flat Bench Press 39.311kg",
  "e5651ab5 Deadlifts 157.5kg",
  "e6176450 Pullups 107.667kg",
  "e6a03c8e Cable Paused Shrug-In 56kg",
  "e6a03c8e Leg Extension 84.567kg",
  "e6a03c8e Lying Leg Curl 65.1kg",
  "e7f14be7 Calf Raises 90kg",
  "e7f14be7 Romanian Deadlifts 114kg",
  "e9cc40a9 Incline Smith Machine Press 90kg",
  "ea516bac Cross Body Lat Pull-Around  64.5kg",
  "ea516bac Leg Press 291.333kg",
  "ea516bac Low Incline Smith Machine Press 93.333kg",
  "ea516bac Lying Paused Rope Face Pull 66.5kg",
  "ea516bac Machine Hip Adduction 86kg",
  "ea7e447b Machine Lateral Raise 48.3kg",
  "eaf64f49 Seated Leg Curl 54.667kg",
  "eaf64f49 Standing Calf Raise 150kg",
  "ebdf49f9 Slow-Eccentric DB RDL 56.667kg",
  "ebe45442 Bicep Curls 22.75kg",
  "ebe45442 Deadlifts 151.667kg",
  "ec7e8372 Smith machine calf raises 78.75kg",
  "ecdbcbbb Leg Extension 114.8kg",
  "eeaa4783 Cross Body Lat Pull-Around  98kg",
  "efb00531 Barbell Rows 100kg",
  "efb00531 Bench Press 88.667kg",
  "efb00531 Bicep Curls 21kg",
  "efb00531 Shoulder Press 50.667kg",
  "efe84cc1 Incline Dumbbell Bench Press 69.667kg",
  "f078379d Bent Over Row 101.333kg",
  "f0dc4b56 Overhead Cable Triceps Extension (Bar) 73.333kg",
  "f0dc4b56 Paused Barbell RDL 123.5kg",
  "f2cc36e0 Lat-Focused Cable Row 100.8kg",
  "f2cc36e0 Low Incline DB Press 80kg",
  "f2cc36e0 Lying Leg Curl 80.667kg",
  "f2cc36e0 Reverse Pec Deck (w/ Integrated Partials) 71.25kg",
  "f2cc36e0 Smith Machine Squat 124.667kg",
  "f32b23b7 Cable Flys 31.55kg",
  "f5075338 Cable Crunch 92.4kg",
  "f59ab03c Overhead Cable Triceps Extension (Bar) 60kg",
  "f6527baf Bayesian Cable Curls 42kg",
  "f6527baf Cable Chest Fly (Low to High) 38kg",
  "f6527baf Cross body cable Y raise 29.333kg",
  "f6527baf Smith machine calf raises 108.5kg",
  "f69b4c03 Machine Squat 93.5kg",
  "f8c83885 Cable Face Pull (Rope) 52.5kg",
  "f8c83885 Lat Pullover 57.333kg",
  "f9210461 Cross Body Lat Pull-Around  77kg",
  "f9210461 Low Incline Smith Machine Press 103.333kg",
  "f9d48536 Deadlifts 87.5kg",
  "f9d48536 Squats 95kg",
  "f9d48536 Tricep Dips -33.333kg",
  "f9eca6dc Leg Press 231kg",
  "fc4f07d8 Romanian Deadlifts 106.667kg",
  "fc4f07d8 Squats 126.667kg",
  "fcf099f8 Shoulder Press 63.333kg",
  "fe3c8b59 Bench Press 82.333kg",
  "fe3c8b59 Cable Flys 26.6kg",
  "ff7d5aec Cable Paused Shrug-In 93.167kg",
  "ff7d5aec Leg Extension 109.2kg",
  "ff9f2830 Decline Machine Chest Press 52.5kg",
]