{
  "averageSessionLength": "PT54M17.803615384S",
  "bodyweight": "93241948f509",
  "exercises": [
    "Cable Face Pull (Rope) #54f082a632cc",
    "Smith machine calf raises #46408b610ddd",
    "Leg Curl #a31451e4cf04",
    "Leg Extension #e39dc77b124b",
    "Squat #d3a4ce7fac78",
    "Cable Tricep Pushdown (Rope) #de6beb760af5",
    "Smith Machine Close Grip Bench Press #75e1a246a06c",
    "Cable Chest Fly (Low to High) #ed3596aea1c5",
    "Dumbbell Incline Bench Press #de41d5e068f8",
    "Bench Press #eb6f83260d46",
    "Triceps Pressdown (Bar) #3e490750e6e6",
    "Cable Straight Bar Curl #740a9f1def6d",
    "Cross body cable Y raise #23a550154ffb",
    "Dumbbell Shoulder Press #e43271941ca5",
    "Overhead Press #15edd5ac7852",
    "Dumbbell Hammer Curl #040ea4c11100",
    "Bayesian Cable Curls #ca84fc4b0428",
    "Single Arm Seated Cable Rows #8790b6406b86",
    "Pullups #14b503477e62",
    "Bent Over Row #3f1a6a7f1bf3",
    "Deadlift #bfb2613b0b99",
    "Smith Machine Squat #2c8578f045fc",
    "T Bar Row #6bc396ca182f",
    "Incline Bench Press #cbe6271b581f",
    "Dumbbell Incline Curl #89684361d6f6",
    "Dumbbell Flat Bench Press #ee6d354adcf0",
    "Wedge Squat #0b6a958fcffb",
    "Lat Pullover #259abdc3b0b1",
    "Seated Cable Rows #27f11b7bb9b2",
    "Paused Barbell RDL #8c0cea06e4ba",
    "Dumbbell Single Arm Row #6b0421619d14",
    "Close Grip Lat Pulldown #382436f2dd38",
    "Smith Machine Front Squat #f2dd1b1e4469",
    "Independent Arm Lat Pulldown #28d9bd0c5911",
    "Dumbbell Stiff Leg Deadlift #6b28ac530a32",
    "Smith Machine Bulgarian Split Squat #3758ddab3d98",
    "Dumbbell Romanian Deadlift #c832374263b7",
    "Triceps Rope Pushdown #e276462817dc",
    "Incline Smith Machine Press #14536ece0ab6",
    "Pull ups #26b271851d62",
    "Romanian Deadlift #c3aae82569b7",
    "Overhead Cable Triceps Extension (Bar) #7eba5cd89c80",
    "Hammer Preacher Curl #bcb7c047f0c0",
    "Chest-Supported Machine Row #6f9265f8031e",
    "Seated DB Shoulder Press #2adafe1bfa0c",
    "Lying Paused Rope Face Pull #011704d94b66",
    "Cross Body Lat Pull-Around  #8a721e25da3e",
    "Lying Leg Curl #af786fd205c9",
    "Cable Paused Shrug-In #950b53ef48bb",
    "Seated Leg Curl #7f302695c1c3",
    "Paused Assisted Dip #c73147baa77d",
    "Assisted Pull Up #7c6500e453e6",
    "Leg Press #335096e4182d",
    "Cable Reverse Flye (Mechanical Dropset) #2db326dc2cb3",
    "Standing Calf Raise #9e34e123796b",
    "Bent-Over Cable Pec Fly #2b07c9624b07",
    "Pendulum Squat #15aef6741179",
    "Neutral-Grip Lat Pulldown #f38546b179e3",
    "Machine Shoulder Press #d2277f463088",
    "Machine Hip Adduction #06386a30e965",
    "Machine Lateral Raise #7b8f0167643c",
    "Cable Triceps Kickback #b864c9571e84",
    "Reverse Forearm Curls #579088d124bd",
    "Low Incline Smith Machine Press #8402d2b774d7",
    "Single Arm Lat Pull #be61e58f5ab6",
    "Machine Squat #5a984b447c5c",
    "Low Incline DB Press #453a35e03a54",
    "Lat-Focused Cable Row #6f274672caab",
    "Chest-Supported T-Bar Row + Kelso Shrug #0177c9e28e9c",
    "Hammer Curl #66024267b054",
    "Triceps Diverging Pressdown #afac4c626840",
    "Slow-Eccentric Bayesian Curl #156e7ebb87e0",
    "Slow-Eccentric EZ-Bar Skull Crusher #db581845aa85",
    "Rear Delt 45° Cable Flye #6b8d6f5f90a3",
    "Super-ROM Overhand Cable Row #73be9e885821",
    "Pec Deck (w/ Integrated Partials) #4d5983e470de",
    "Machine Hip Abduction #aa772a7e01ea",
    "Lat Pulldown #a1a0cc8411de",
    "Decline Machine Chest Press #0289facf9e9b",
    "Single-arm Overhead Cable Triceps Extension #7b357c289702",
    "Slow-Eccentric DB RDL #d6e8d2c122ec",
    "DB Lateral Raise #5d2d93e730bf",
    "Preacher Curls #3116b646e374",
    "Reverse Pec Deck (w/ Integrated Partials) #3a15b6a34787",
    "Smith Machine Reverse Lunge #00cf97f4e529",
    "Concentration Cable Curl #e420369fbf8a",
    "Forearm Curl #da6c3d347cc1",
    "Bottom-2/3 Constant Tension Preacher Curl #5e7d450443f6",
    "Roman Chair Leg Raise #26746af4ef05",
    "Cable Crunch #8dbe86d890a4",
    "Leg Press Calf Press #8fd2f9b0bbf5",
    "Cable Rows #d08a9797e310",
    "Medicine Ball Russian Twists #00e2128e9ae0",
    "Super-ROM DB Lateral Raise #128913e83784",
    "Power Squat #66deee8bde6f",
    "Hack Squat #6b041c43c7fe",
    "Bicep curl #a3c6766e2cbc",
    "Shoulder Press #400d4aece186",
    "Cuffed Behind-The-Back Lateral Raise #d76dad20e010",
    "Tricep Dips #93435ae9ada2",
    "Leg Raise #abc937c9921b",
    "Reverse Flyes #7fdddbe23bcb",
    "Skullcrushers #3413f2c135a2",
    "Incline Dumbbell Curl #95cc7f05801f",
    "Cable Curls #d8863962ccdf",
    "Dumbbell Bench Press #7a59d171085d",
    "Pull-ups #c51953f18cd6",
    "Cable Y Raise #87ec05f267ec",
    "Calf Raises #5999f9951073",
    "Lateral Raises #b8abbdc3b3a1",
    "Incline Dumbbell Bench Press #23d4378c4fe4",
    "Machine Flys #43909ec2b719",
    "Low Row #771e3f863d7d",
    "Pinch Press #981f84b09425",
    "Dumbbell Lunges #9ab07ee50250",
    "Overhead Tricep Extension #3609e9201434",
    "Dumbbell Rows #f264df7e697b",
    "Pushups #6f258553ccc5",
    "Cable Flys #0248a228ff03",
    "Shoulder Press Machine #45179752a7aa",
    "Pec Flys #e2f12dbff5f4",
    "Tricep Straight Bar Pushdowns #40684dc08b06",
    "Lateral Raise #00b17f4e9ac1",
    "Quad Raises #006ad8531c97",
    "Tricep Rope Pushdowns #9c804297d2f0",
    "Barbell Rows #c0918aa02fd4",
    "Chest Press #7c97993b4f21",
    "Front Squats #a930c89e98f9",
    "Calf static stretch #48442862d5ee",
    "Dead Hang #26246ab643dc",
    "Isometric Knee Bends #e158f85574e9",
    "Pec static stretch #702682044dce",
    "Quad static stretch #feaa3bcf002d",
    "Wedge Isometric Squat #6be38be1214a",
  ],
  "heaviestLift": {
    "exerciseName": "Leg Press",
    "weight": "245kg",
  },
  "maxWeightLiftedInAWorkout": "16778.88kg",
  "sessions": [
    "Legs #05d5f3db7b18",
    "Chest & Triceps #d8d4fa0647b9",
    "Shoulders & Arms #0efe0ac5a785",
    "Back & Biceps #b1a79869941f",
    "Upper A (Push) #5b188cd1b7a4",
    "Full Body A #6d1d1eb1ca7e",
    "Full Body C #f4d706a38b3a",
    "Full Body B #ba6d8c737f47",
    "Freeform Workout #98740ee783f8",
    "Full Body D #8b9b9e0772d4",
    "Full body #1 #a24ba0b9ad6a",
    "Full body #2 #a97a4af9623d",
    "Full body #4 #2d80933a8a9c",
    "Full body #3 #3044b936334b",
    "Shoulder Weak Points #b7c3f343dcf2",
    "Arms #007898ca93bd",
    "Full Body #1 #e9475b9cac7d",
    "Full Body #2 #0e7e9d76e206",
    "Full Body #4 #ff7420dc66a5",
    "Full Body #3 #76826885edc8",
    "Freeform Session #95c49ff5cd91",
    "Friday #dbf7a3f413b7",
    "Tuesday #b41713c26700",
    "Monday #4eb973875b1a",
    "Thursday #8d8b6abec412",
    "Wednesday #b20e32f5d356",
    "Session 1 #5582e2ef2830",
    "Session 5 #37168691ffc0",
    "Session 4 #7af8eb1cea22",
    "Session 3 #ce2b53566297",
    "Session 2 #88abf1c04c6a",
    "Session 2: Upper Body #1a01cdb6167b",
    "Session 1: Lower Body #80bab9e1293e",
    "Session 3: Full Body #6a68c571908f",
  ],
  "setsPerWeek": 42.57,
  "workoutsPerWeek": 2.757,
}